// Jest Snapshot v1, https://goo.gl/fbAQLP

exports[`App renders correctly 1`] = `
<RCTSafeAreaView
  emulateUnlessSupported={true}
  style={
    Object {
      "backgroundColor": "#f8f8f8",
      "flex": 1,
      "marginTop": 0,
    }
  }
>
  <View
    style={
      Object {
        "backgroundColor": "#f8f8f8",
        "flex": 1,
      }
    }
  >
    <View
      style={
        Object {
          "flex": 1,
          "paddingHorizontal": 8,
        }
      }
    >
      <Image
        source={1}
        style={
          Object {
            "flex": 1,
            "height": undefined,
            "resizeMode": "contain",
            "width": "100%",
          }
        }
      />
      <Text
        style={
          Object {
            "color": "#4a4a4a",
            "fontSize": 25,
            "marginBottom": 10,
            "textAlign": "center",
          }
        }
      >
        Position: Stunt double
      </Text>
    </View>
    <View
      style={
        Object {
          "alignItems": "center",
          "flex": 3.5,
          "justifyContent": "center",
        }
      }
    >
      <View
        onMoveShouldSetResponder={[Function]}
        onMoveShouldSetResponderCapture={[Function]}
        onResponderEnd={[Function]}
        onResponderGrant={[Function]}
        onResponderMove={[Function]}
        onResponderReject={[Function]}
        onResponderRelease={[Function]}
        onResponderStart={[Function]}
        onResponderTerminate={[Function]}
        onResponderTerminationRequest={[Function]}
        onStartShouldSetResponder={[Function]}
        onStartShouldSetResponderCapture={[Function]}
        style={
          Object {
            "height": "100%",
            "position": "absolute",
            "transform": Array [
              Object {
                "translateX": 0,
              },
              Object {
                "translateY": 0,
              },
              Object {
                "rotate": "0deg",
              },
            ],
            "width": "100%",
            "zIndex": 5,
          }
        }
      >
        <View
          style={
            Object {
              "alignItems": "center",
              "backgroundColor": "white",
              "borderRadius": 5,
              "elevation": 5,
              "flex": 1,
              "justifyContent": "center",
              "margin": 8,
              "paddingHorizontal": 20,
              "paddingTop": 20,
              "shadowColor": "#000",
              "shadowOffset": Object {
                "height": 1,
                "width": 0,
              },
              "shadowOpacity": 0.15,
              "shadowRadius": 2,
            }
          }
        >
          <Image
            source={1}
            style={
              Object {
                "borderRadius": 2,
                "flex": 1,
                "height": undefined,
                "resizeMode": "cover",
                "width": "100%",
              }
            }
          />
          <Text
            style={
              Object {
                "color": "#4a4a4a",
                "fontSize": 25,
                "padding": 20,
              }
            }
          >
            Sonia Donnelly
          </Text>
        </View>
      </View>
      <View
        style={
          Object {
            "height": "100%",
            "position": "absolute",
            "transform": Array [
              Object {
                "scale": 0.9,
              },
            ],
            "width": "100%",
            "zIndex": 4,
          }
        }
      >
        <View
          style={
            Object {
              "alignItems": "center",
              "backgroundColor": "white",
              "borderRadius": 5,
              "elevation": 5,
              "flex": 1,
              "justifyContent": "center",
              "margin": 8,
              "paddingHorizontal": 20,
              "paddingTop": 20,
              "shadowColor": "#000",
              "shadowOffset": Object {
                "height": 1,
                "width": 0,
              },
              "shadowOpacity": 0.15,
              "shadowRadius": 2,
            }
          }
        >
          <Image
            source={1}
            style={
              Object {
                "borderRadius": 2,
                "flex": 1,
                "height": undefined,
                "resizeMode": "cover",
                "width": "100%",
              }
            }
          />
          <Text
            style={
              Object {
                "color": "#4a4a4a",
                "fontSize": 25,
                "padding": 20,
              }
            }
          >
            Jana Boyce
          </Text>
        </View>
      </View>
      <View
        style={
          Object {
            "height": "100%",
            "position": "absolute",
            "transform": Array [
              Object {
                "scale": 0.9,
              },
            ],
            "width": "100%",
            "zIndex": 3,
          }
        }
      >
        <View
          style={
            Object {
              "alignItems": "center",
              "backgroundColor": "white",
              "borderRadius": 5,
              "elevation": 5,
              "flex": 1,
              "justifyContent": "center",
              "margin": 8,
              "paddingHorizontal": 20,
              "paddingTop": 20,
              "shadowColor": "#000",
              "shadowOffset": Object {
                "height": 1,
                "width": 0,
              },
              "shadowOpacity": 0.15,
              "shadowRadius": 2,
            }
          }
        >
          <Image
            source={1}
            style={
              Object {
                "borderRadius": 2,
                "flex": 1,
                "height": undefined,
                "resizeMode": "cover",
                "width": "100%",
              }
            }
          />
          <Text
            style={
              Object {
                "color": "#4a4a4a",
                "fontSize": 25,
                "padding": 20,
              }
            }
          >
            Pete Mitchell
          </Text>
        </View>
      </View>
      <View
        style={
          Object {
            "height": "100%",
            "position": "absolute",
            "transform": Array [
              Object {
                "scale": 0.9,
              },
            ],
            "width": "100%",
            "zIndex": 2,
          }
        }
      >
        <View
          style={
            Object {
              "alignItems": "center",
              "backgroundColor": "white",
              "borderRadius": 5,
              "elevation": 5,
              "flex": 1,
              "justifyContent": "center",
              "margin": 8,
              "paddingHorizontal": 20,
              "paddingTop": 20,
              "shadowColor": "#000",
              "shadowOffset": Object {
                "height": 1,
                "width": 0,
              },
              "shadowOpacity": 0.15,
              "shadowRadius": 2,
            }
          }
        >
          <Image
            source={1}
            style={
              Object {
                "borderRadius": 2,
                "flex": 1,
                "height": undefined,
                "resizeMode": "cover",
                "width": "100%",
              }
            }
          />
          <Text
            style={
              Object {
                "color": "#4a4a4a",
                "fontSize": 25,
                "padding": 20,
              }
            }
          >
            Estelle Lamb
          </Text>
        </View>
      </View>
      <View
        style={
          Object {
            "height": "100%",
            "position": "absolute",
            "transform": Array [
              Object {
                "scale": 0.9,
              },
            ],
            "width": "100%",
            "zIndex": 1,
          }
        }
      >
        <View
          style={
            Object {
              "alignItems": "center",
              "backgroundColor": "white",
              "borderRadius": 5,
              "elevation": 5,
              "flex": 1,
              "justifyContent": "center",
              "margin": 8,
              "paddingHorizontal": 20,
              "paddingTop": 20,
              "shadowColor": "#000",
              "shadowOffset": Object {
                "height": 1,
                "width": 0,
              },
              "shadowOpacity": 0.15,
              "shadowRadius": 2,
            }
          }
        >
          <Image
            source={1}
            style={
              Object {
                "borderRadius": 2,
                "flex": 1,
                "height": undefined,
                "resizeMode": "cover",
                "width": "100%",
              }
            }
          />
          <Text
            style={
              Object {
                "color": "#4a4a4a",
                "fontSize": 25,
                "padding": 20,
              }
            }
          >
            Tom Sharp
          </Text>
        </View>
      </View>
      <View>
        <Text>
          No more profiles!
        </Text>
      </View>
    </View>
    <View
      style={
        Object {
          "alignItems": "center",
          "flex": 0.5,
          "flexDirection": "row",
          "justifyContent": "space-around",
        }
      }
    >
      <Image
        source={1}
        style={
          Object {
            "transform": Array [
              Object {
                "scale": 1,
              },
            ],
          }
        }
      />
      <Image
        source={1}
        style={
          Object {
            "transform": Array [
              Object {
                "scale": 1,
              },
            ],
          }
        }
      />
    </View>
  </View>
</RCTSafeAreaView>
`;
